Component: ARM Compiler 5.06 update 6 (build 750) Tool: armlink [4d35ed]

==============================================================================

Section Cross References

    lcd_4bit.o(i.Clear_LCD) refers to lcd_4bit.o(i.lcd_write_cmd) for lcd_write_cmd
    lcd_4bit.o(i.Clear_LCD) refers to lcd_4bit.o(i.Set_Cursor) for Set_Cursor
    lcd_4bit.o(i.Init_LCD) refers to lcd_4bit.o(i.lcd_init_port) for lcd_init_port
    lcd_4bit.o(i.Init_LCD) refers to timer.o(i.Delay) for Delay
    lcd_4bit.o(i.Init_LCD) refers to lcd_4bit.o(i.lcd_write_4bit) for lcd_write_4bit
    lcd_4bit.o(i.Init_LCD) refers to lcd_4bit.o(i.lcd_write_cmd) for lcd_write_cmd
    lcd_4bit.o(i.Print_LCD) refers to lcd_4bit.o(i.lcd_putchar) for lcd_putchar
    lcd_4bit.o(i.Set_Cursor) refers to lcd_4bit.o(i.lcd_write_cmd) for lcd_write_cmd
    lcd_4bit.o(i.lcd_putchar) refers to lcd_4bit.o(i.lcd_write_data) for lcd_write_data
    lcd_4bit.o(i.lcd_read_status) refers to timer.o(i.Delay) for Delay
    lcd_4bit.o(i.lcd_write_4bit) refers to timer.o(i.Delay) for Delay
    lcd_4bit.o(i.lcd_write_cmd) refers to lcd_4bit.o(i.wait_while_busy) for wait_while_busy
    lcd_4bit.o(i.lcd_write_cmd) refers to lcd_4bit.o(i.lcd_write_4bit) for lcd_write_4bit
    lcd_4bit.o(i.lcd_write_data) refers to lcd_4bit.o(i.wait_while_busy) for wait_while_busy
    lcd_4bit.o(i.lcd_write_data) refers to lcd_4bit.o(i.lcd_write_4bit) for lcd_write_4bit
    lcd_4bit.o(i.wait_while_busy) refers to lcd_4bit.o(i.lcd_read_status) for lcd_read_status
    timer.o(i.getDecStr) refers to aeabi_sdiv.o(.text) for __aeabi_uidivmod
    timer.o(i.keypad_getkey) refers to rt_memcpy.o(.emb_text) for __aeabi_memcpy4
    timer.o(i.keypad_getkey) refers to timer.o(i.delayUs) for delayUs
    timer.o(i.lcd_print00) refers to timer.o(i.getDecStr) for getDecStr
    timer.o(i.lcd_print00) refers to lcd_4bit.o(i.Print_LCD) for Print_LCD
    timer.o(i.lcd_printInt) refers to timer.o(i.getDecStr) for getDecStr
    timer.o(i.lcd_printInt) refers to lcd_4bit.o(i.Print_LCD) for Print_LCD
    timer.o(i.main) refers to timer.o(i.keypad_init) for keypad_init
    timer.o(i.main) refers to lcd_4bit.o(i.Init_LCD) for Init_LCD
    timer.o(i.main) refers to lcd_4bit.o(i.Clear_LCD) for Clear_LCD
    timer.o(i.main) refers to timer.o(i.LED_init) for LED_init
    timer.o(i.main) refers to timer.o(i.mode_select) for mode_select
    timer.o(i.mode_select) refers to lcd_4bit.o(i.Clear_LCD) for Clear_LCD
    timer.o(i.mode_select) refers to lcd_4bit.o(i.Print_LCD) for Print_LCD
    timer.o(i.mode_select) refers to lcd_4bit.o(i.Set_Cursor) for Set_Cursor
    timer.o(i.mode_select) refers to timer.o(i.keypad_getkey) for keypad_getkey
    timer.o(i.mode_select) refers to timer.o(i.set_timer) for set_timer
    timer.o(i.mode_select) refers to timer.o(i.timer_countdown) for timer_countdown
    timer.o(i.mode_select) refers to timer.o(i.stopwatch) for stopwatch
    timer.o(i.pause_timer) refers to lcd_4bit.o(i.Clear_LCD) for Clear_LCD
    timer.o(i.pause_timer) refers to lcd_4bit.o(i.Set_Cursor) for Set_Cursor
    timer.o(i.pause_timer) refers to lcd_4bit.o(i.Print_LCD) for Print_LCD
    timer.o(i.pause_timer) refers to timer.o(i.keypad_getkey) for keypad_getkey
    timer.o(i.pause_timer) refers to timer.o(.data) for hours
    timer.o(i.set_timer) refers to lcd_4bit.o(i.Clear_LCD) for Clear_LCD
    timer.o(i.set_timer) refers to lcd_4bit.o(i.Print_LCD) for Print_LCD
    timer.o(i.set_timer) refers to lcd_4bit.o(i.Set_Cursor) for Set_Cursor
    timer.o(i.set_timer) refers to timer.o(i.lcd_printInt) for lcd_printInt
    timer.o(i.set_timer) refers to timer.o(i.keypad_getkey) for keypad_getkey
    timer.o(i.set_timer) refers to timer.o(i.is_num) for is_num
    timer.o(i.set_timer) refers to timer.o(i.Delay) for Delay
    timer.o(i.set_timer) refers to timer.o(.data) for hours
    timer.o(i.stopwatch) refers to lcd_4bit.o(i.Clear_LCD) for Clear_LCD
    timer.o(i.stopwatch) refers to lcd_4bit.o(i.Print_LCD) for Print_LCD
    timer.o(i.stopwatch) refers to lcd_4bit.o(i.Set_Cursor) for Set_Cursor
    timer.o(i.stopwatch) refers to timer.o(i.lcd_printInt) for lcd_printInt
    timer.o(i.stopwatch) refers to timer.o(i.keypad_getkey) for keypad_getkey
    timer.o(i.stopwatch) refers to timer.o(i.Delay) for Delay
    timer.o(i.stopwatch) refers to timer.o(.data) for hours
    timer.o(i.timer_complete) refers to lcd_4bit.o(i.Clear_LCD) for Clear_LCD
    timer.o(i.timer_complete) refers to lcd_4bit.o(i.Set_Cursor) for Set_Cursor
    timer.o(i.timer_complete) refers to lcd_4bit.o(i.Print_LCD) for Print_LCD
    timer.o(i.timer_complete) refers to timer.o(i.keypad_getkey) for keypad_getkey
    timer.o(i.timer_countdown) refers to timer.o(i.keypad_getkey) for keypad_getkey
    timer.o(i.timer_countdown) refers to timer.o(i.pause_timer) for pause_timer
    timer.o(i.timer_countdown) refers to lcd_4bit.o(i.Clear_LCD) for Clear_LCD
    timer.o(i.timer_countdown) refers to lcd_4bit.o(i.Print_LCD) for Print_LCD
    timer.o(i.timer_countdown) refers to lcd_4bit.o(i.Set_Cursor) for Set_Cursor
    timer.o(i.timer_countdown) refers to timer.o(i.lcd_printInt) for lcd_printInt
    timer.o(i.timer_countdown) refers to timer.o(i.Delay) for Delay
    timer.o(i.timer_countdown) refers to timer.o(i.timer_complete) for timer_complete
    timer.o(i.timer_countdown) refers to timer.o(.data) for restarted
    startup_mkl25z4.o(STACK) refers (Special) to heapauxi.o(.text) for __use_two_region_memory
    startup_mkl25z4.o(HEAP) refers (Special) to heapauxi.o(.text) for __use_two_region_memory
    startup_mkl25z4.o(RESET) refers (Special) to heapauxi.o(.text) for __use_two_region_memory
    startup_mkl25z4.o(RESET) refers to startup_mkl25z4.o(STACK) for __initial_sp
    startup_mkl25z4.o(RESET) refers to startup_mkl25z4.o(.text) for Reset_Handler
    startup_mkl25z4.o(.ARM.__at_0x400) refers (Special) to heapauxi.o(.text) for __use_two_region_memory
    startup_mkl25z4.o(.text) refers (Special) to heapauxi.o(.text) for __use_two_region_memory
    startup_mkl25z4.o(.text) refers to system_mkl25z4.o(i.SystemInit) for SystemInit
    startup_mkl25z4.o(.text) refers to __main.o(!!!main) for __main
    startup_mkl25z4.o(.text) refers to startup_mkl25z4.o(HEAP) for Heap_Mem
    startup_mkl25z4.o(.text) refers to startup_mkl25z4.o(STACK) for Stack_Mem
    system_mkl25z4.o(i.SystemCoreClockUpdate) refers to aeabi_sdiv.o(.text) for __aeabi_uidivmod
    system_mkl25z4.o(i.SystemCoreClockUpdate) refers to system_mkl25z4.o(i.__ARM_common_switch8) for __ARM_common_switch8
    system_mkl25z4.o(i.SystemCoreClockUpdate) refers to system_mkl25z4.o(.data) for SystemCoreClock
    rt_memcpy.o(.text) refers to rt_memcpy.o(.emb_text) for __aeabi_memcpy4
    __main.o(!!!main) refers to __rtentry.o(.ARM.Collect$$rtentry$$00000000) for __rt_entry
    __rtentry.o(.ARM.Collect$$rtentry$$00000000) refers (Special) to __rtentry2.o(.ARM.Collect$$rtentry$$0000000A) for __rt_entry_li
    __rtentry.o(.ARM.Collect$$rtentry$$00000000) refers (Special) to __rtentry2.o(.ARM.Collect$$rtentry$$0000000D) for __rt_entry_main
    __rtentry.o(.ARM.Collect$$rtentry$$00000000) refers (Special) to __rtentry2.o(.ARM.Collect$$rtentry$$0000000C) for __rt_entry_postli_1
    __rtentry.o(.ARM.Collect$$rtentry$$00000000) refers (Special) to __rtentry2.o(.ARM.Collect$$rtentry$$00000009) for __rt_entry_postsh_1
    __rtentry.o(.ARM.Collect$$rtentry$$00000000) refers (Special) to __rtentry2.o(.ARM.Collect$$rtentry$$00000002) for __rt_entry_presh_1
    __rtentry.o(.ARM.Collect$$rtentry$$00000000) refers (Special) to __rtentry4.o(.ARM.Collect$$rtentry$$00000004) for __rt_entry_sh
    aeabi_idiv0_sigfpe.o(.text) refers to rt_div0.o(.text) for __rt_div0
    __rtentry2.o(.ARM.Collect$$rtentry$$00000008) refers to boardinit2.o(.text) for _platform_post_stackheap_init
    __rtentry2.o(.ARM.Collect$$rtentry$$0000000A) refers to libinit.o(.ARM.Collect$$libinit$$00000000) for __rt_lib_init
    __rtentry2.o(.ARM.Collect$$rtentry$$0000000B) refers to boardinit3.o(.text) for _platform_post_lib_init
    __rtentry2.o(.ARM.Collect$$rtentry$$0000000D) refers to timer.o(i.main) for main
    __rtentry2.o(.ARM.Collect$$rtentry$$0000000D) refers to exit.o(.text) for exit
    __rtentry2.o(.ARM.exidx) refers to __rtentry2.o(.ARM.Collect$$rtentry$$00000001) for .ARM.Collect$$rtentry$$00000001
    __rtentry2.o(.ARM.exidx) refers to __rtentry2.o(.ARM.Collect$$rtentry$$00000008) for .ARM.Collect$$rtentry$$00000008
    __rtentry2.o(.ARM.exidx) refers to __rtentry2.o(.ARM.Collect$$rtentry$$0000000A) for .ARM.Collect$$rtentry$$0000000A
    __rtentry2.o(.ARM.exidx) refers to __rtentry2.o(.ARM.Collect$$rtentry$$0000000B) for .ARM.Collect$$rtentry$$0000000B
    __rtentry2.o(.ARM.exidx) refers to __rtentry2.o(.ARM.Collect$$rtentry$$0000000D) for .ARM.Collect$$rtentry$$0000000D
    __rtentry4.o(.ARM.Collect$$rtentry$$00000004) refers to sys_stackheap_outer.o(.text) for __user_setup_stackheap
    __rtentry4.o(.ARM.exidx) refers to __rtentry4.o(.ARM.Collect$$rtentry$$00000004) for .ARM.Collect$$rtentry$$00000004
    rt_div0.o(.text) refers to defsig_fpe_outer.o(.text) for __rt_SIGFPE
    sys_stackheap_outer.o(.text) refers to libspace.o(.text) for __user_perproc_libspace
    sys_stackheap_outer.o(.text) refers to startup_mkl25z4.o(.text) for __user_initial_stackheap
    sys_stackheap_outer.o(__vectab_stack_and_reset_area) refers to tempstk.o(.text) for __temporary_stack_top
    sys_stackheap_outer.o(__vectab_stack_and_reset_area) refers to __main.o(!!!main) for __main
    exit.o(.text) refers to rtexit.o(.ARM.Collect$$rtexit$$00000000) for __rt_exit
    defsig_fpe_outer.o(.text) refers to defsig_fpe_inner.o(.text) for __rt_SIGFPE_inner
    defsig_fpe_outer.o(.text) refers to defsig_exit.o(.text) for __sig_exit
    defsig_fpe_formal.o(.text) refers to rt_raise.o(.text) for __rt_raise
    libinit.o(.ARM.Collect$$libinit$$00000000) refers (Special) to libinit2.o(.ARM.Collect$$libinit$$0000002E) for __rt_lib_init_alloca_1
    libinit.o(.ARM.Collect$$libinit$$00000000) refers (Special) to libinit2.o(.ARM.Collect$$libinit$$0000002C) for __rt_lib_init_argv_1
    libinit.o(.ARM.Collect$$libinit$$00000000) refers (Special) to libinit2.o(.ARM.Collect$$libinit$$0000001B) for __rt_lib_init_atexit_1
    libinit.o(.ARM.Collect$$libinit$$00000000) refers (Special) to libinit2.o(.ARM.Collect$$libinit$$00000021) for __rt_lib_init_clock_1
    libinit.o(.ARM.Collect$$libinit$$00000000) refers (Special) to libinit2.o(.ARM.Collect$$libinit$$00000032) for __rt_lib_init_cpp_1
    libinit.o(.ARM.Collect$$libinit$$00000000) refers (Special) to libinit2.o(.ARM.Collect$$libinit$$00000030) for __rt_lib_init_exceptions_1
    libinit.o(.ARM.Collect$$libinit$$00000000) refers (Special) to libinit2.o(.ARM.Collect$$libinit$$00000002) for __rt_lib_init_fp_1
    libinit.o(.ARM.Collect$$libinit$$00000000) refers (Special) to libinit2.o(.ARM.Collect$$libinit$$0000001F) for __rt_lib_init_fp_trap_1
    libinit.o(.ARM.Collect$$libinit$$00000000) refers (Special) to libinit2.o(.ARM.Collect$$libinit$$00000023) for __rt_lib_init_getenv_1
    libinit.o(.ARM.Collect$$libinit$$00000000) refers (Special) to libinit2.o(.ARM.Collect$$libinit$$0000000A) for __rt_lib_init_heap_1
    libinit.o(.ARM.Collect$$libinit$$00000000) refers (Special) to libinit2.o(.ARM.Collect$$libinit$$00000011) for __rt_lib_init_lc_collate_1
    libinit.o(.ARM.Collect$$libinit$$00000000) refers (Special) to libinit2.o(.ARM.Collect$$libinit$$00000013) for __rt_lib_init_lc_ctype_1
    libinit.o(.ARM.Collect$$libinit$$00000000) refers (Special) to libinit2.o(.ARM.Collect$$libinit$$00000015) for __rt_lib_init_lc_monetary_1
    libinit.o(.ARM.Collect$$libinit$$00000000) refers (Special) to libinit2.o(.ARM.Collect$$libinit$$00000017) for __rt_lib_init_lc_numeric_1
    libinit.o(.ARM.Collect$$libinit$$00000000) refers (Special) to libinit2.o(.ARM.Collect$$libinit$$00000019) for __rt_lib_init_lc_time_1
    libinit.o(.ARM.Collect$$libinit$$00000000) refers (Special) to libinit2.o(.ARM.Collect$$libinit$$00000004) for __rt_lib_init_preinit_1
    libinit.o(.ARM.Collect$$libinit$$00000000) refers (Special) to libinit2.o(.ARM.Collect$$libinit$$0000000E) for __rt_lib_init_rand_1
    libinit.o(.ARM.Collect$$libinit$$00000000) refers (Special) to libinit2.o(.ARM.Collect$$libinit$$00000033) for __rt_lib_init_return
    libinit.o(.ARM.Collect$$libinit$$00000000) refers (Special) to libinit2.o(.ARM.Collect$$libinit$$0000001D) for __rt_lib_init_signal_1
    libinit.o(.ARM.Collect$$libinit$$00000000) refers (Special) to libinit2.o(.ARM.Collect$$libinit$$00000025) for __rt_lib_init_stdio_1
    libinit.o(.ARM.Collect$$libinit$$00000000) refers (Special) to libinit2.o(.ARM.Collect$$libinit$$0000000C) for __rt_lib_init_user_alloc_1
    libspace.o(.text) refers to libspace.o(.bss) for __libspace_start
    rtexit.o(.ARM.Collect$$rtexit$$00000000) refers (Special) to rtexit2.o(.ARM.Collect$$rtexit$$00000004) for __rt_exit_exit
    rtexit.o(.ARM.Collect$$rtexit$$00000000) refers (Special) to rtexit2.o(.ARM.Collect$$rtexit$$00000003) for __rt_exit_ls
    rtexit.o(.ARM.Collect$$rtexit$$00000000) refers (Special) to rtexit2.o(.ARM.Collect$$rtexit$$00000002) for __rt_exit_prels_1
    rtexit.o(.ARM.exidx) refers (Special) to rtexit2.o(.ARM.Collect$$rtexit$$00000004) for __rt_exit_exit
    rtexit.o(.ARM.exidx) refers (Special) to rtexit2.o(.ARM.Collect$$rtexit$$00000003) for __rt_exit_ls
    rtexit.o(.ARM.exidx) refers (Special) to rtexit2.o(.ARM.Collect$$rtexit$$00000002) for __rt_exit_prels_1
    rtexit.o(.ARM.exidx) refers to rtexit.o(.ARM.Collect$$rtexit$$00000000) for .ARM.Collect$$rtexit$$00000000
    rt_raise.o(.text) refers to __raise.o(.text) for __raise
    rt_raise.o(.text) refers to sys_exit.o(.text) for _sys_exit
    defsig_exit.o(.text) refers to sys_exit.o(.text) for _sys_exit
    defsig_fpe_inner.o(.text) refers to defsig_general.o(.text) for __default_signal_display
    libinit2.o(.ARM.Collect$$libinit$$00000010) refers to libinit2.o(.ARM.Collect$$libinit$$0000000F) for .ARM.Collect$$libinit$$0000000F
    libinit2.o(.ARM.Collect$$libinit$$00000012) refers to libinit2.o(.ARM.Collect$$libinit$$0000000F) for .ARM.Collect$$libinit$$0000000F
    libinit2.o(.ARM.Collect$$libinit$$00000014) refers to libinit2.o(.ARM.Collect$$libinit$$0000000F) for .ARM.Collect$$libinit$$0000000F
    libinit2.o(.ARM.Collect$$libinit$$00000016) refers to libinit2.o(.ARM.Collect$$libinit$$0000000F) for .ARM.Collect$$libinit$$0000000F
    libinit2.o(.ARM.Collect$$libinit$$00000018) refers to libinit2.o(.ARM.Collect$$libinit$$0000000F) for .ARM.Collect$$libinit$$0000000F
    libinit2.o(.ARM.Collect$$libinit$$00000026) refers to argv_veneer.o(.text) for __ARM_argv_veneer
    libinit2.o(.ARM.Collect$$libinit$$00000027) refers to argv_veneer.o(.text) for __ARM_argv_veneer
    sys_exit.o(.text) refers (Special) to use_no_semi.o(.text) for __I$use$semihosting
    sys_exit.o(.text) refers (Special) to indicate_semi.o(.text) for __semihosting_library_function
    rtexit2.o(.ARM.Collect$$rtexit$$00000003) refers to libshutdown.o(.ARM.Collect$$libshutdown$$00000000) for __rt_lib_shutdown
    rtexit2.o(.ARM.Collect$$rtexit$$00000004) refers to sys_exit.o(.text) for _sys_exit
    rtexit2.o(.ARM.exidx) refers to rtexit2.o(.ARM.Collect$$rtexit$$00000001) for .ARM.Collect$$rtexit$$00000001
    rtexit2.o(.ARM.exidx) refers to rtexit2.o(.ARM.Collect$$rtexit$$00000003) for .ARM.Collect$$rtexit$$00000003
    rtexit2.o(.ARM.exidx) refers to rtexit2.o(.ARM.Collect$$rtexit$$00000004) for .ARM.Collect$$rtexit$$00000004
    __raise.o(.text) refers to defsig.o(CL$$defsig) for __default_signal_handler
    defsig_general.o(.text) refers to sys_wrch.o(.text) for _ttywrch
    sys_wrch.o(.text) refers (Special) to use_no_semi.o(.text) for __I$use$semihosting
    sys_wrch.o(.text) refers (Special) to indicate_semi.o(.text) for __semihosting_library_function
    defsig.o(CL$$defsig) refers to defsig_fpe_inner.o(.text) for __rt_SIGFPE_inner
    defsig.o(CL$$defsig) refers to defsig_rtmem_inner.o(.text) for __rt_SIGRTMEM_inner
    _get_argv_nomalloc.o(.text) refers (Special) to hrguard.o(.text) for __heap_region$guard
    _get_argv_nomalloc.o(.text) refers to defsig_rtmem_outer.o(.text) for __rt_SIGRTMEM
    _get_argv_nomalloc.o(.text) refers to sys_command.o(.text) for _sys_command_string
    libshutdown.o(.ARM.Collect$$libshutdown$$00000000) refers (Special) to libshutdown2.o(.ARM.Collect$$libshutdown$$00000002) for __rt_lib_shutdown_cpp_1
    libshutdown.o(.ARM.Collect$$libshutdown$$00000000) refers (Special) to libshutdown2.o(.ARM.Collect$$libshutdown$$00000007) for __rt_lib_shutdown_fp_trap_1
    libshutdown.o(.ARM.Collect$$libshutdown$$00000000) refers (Special) to libshutdown2.o(.ARM.Collect$$libshutdown$$0000000F) for __rt_lib_shutdown_heap_1
    libshutdown.o(.ARM.Collect$$libshutdown$$00000000) refers (Special) to libshutdown2.o(.ARM.Collect$$libshutdown$$00000010) for __rt_lib_shutdown_return
    libshutdown.o(.ARM.Collect$$libshutdown$$00000000) refers (Special) to libshutdown2.o(.ARM.Collect$$libshutdown$$0000000A) for __rt_lib_shutdown_signal_1
    libshutdown.o(.ARM.Collect$$libshutdown$$00000000) refers (Special) to libshutdown2.o(.ARM.Collect$$libshutdown$$00000004) for __rt_lib_shutdown_stdio_1
    libshutdown.o(.ARM.Collect$$libshutdown$$00000000) refers (Special) to libshutdown2.o(.ARM.Collect$$libshutdown$$0000000C) for __rt_lib_shutdown_user_alloc_1
    sys_command.o(.text) refers (Special) to use_no_semi.o(.text) for __I$use$semihosting
    sys_command.o(.text) refers (Special) to indicate_semi.o(.text) for __semihosting_library_function
    defsig_abrt_inner.o(.text) refers to defsig_general.o(.text) for __default_signal_display
    defsig_rtred_inner.o(.text) refers to defsig_general.o(.text) for __default_signal_display
    defsig_rtmem_inner.o(.text) refers to defsig_general.o(.text) for __default_signal_display
    defsig_rtmem_outer.o(.text) refers to defsig_rtmem_inner.o(.text) for __rt_SIGRTMEM_inner
    defsig_rtmem_outer.o(.text) refers to defsig_exit.o(.text) for __sig_exit
    defsig_rtmem_formal.o(.text) refers to rt_raise.o(.text) for __rt_raise
    defsig_stak_inner.o(.text) refers to defsig_general.o(.text) for __default_signal_display
    defsig_pvfn_inner.o(.text) refers to defsig_general.o(.text) for __default_signal_display
    defsig_cppl_inner.o(.text) refers to defsig_general.o(.text) for __default_signal_display
    defsig_segv_inner.o(.text) refers to defsig_general.o(.text) for __default_signal_display
    defsig_other.o(.text) refers to defsig_general.o(.text) for __default_signal_display


==============================================================================

Removing Unused input sections from the image.

    Removing lcd_4bit.o(.rev16_text), (4 bytes).
    Removing lcd_4bit.o(.revsh_text), (4 bytes).
    Removing timer.o(.rev16_text), (4 bytes).
    Removing timer.o(.revsh_text), (4 bytes).
    Removing timer.o(i.lcd_print00), (42 bytes).
    Removing system_mkl25z4.o(.rev16_text), (4 bytes).
    Removing system_mkl25z4.o(.revsh_text), (4 bytes).
    Removing system_mkl25z4.o(i.SystemCoreClockUpdate), (400 bytes).
    Removing system_mkl25z4.o(.data), (4 bytes).
    Removing system_mkl25z4.o(i.__ARM_common_switch8), (28 bytes).

10 unused section(s) (total 498 bytes) removed from the image.

==============================================================================

Image Symbol Table

    Local Symbols

    Symbol Name                              Value     Ov Type        Size  Object(Section)

    RESET                                    0x00000000   Section      192  startup_mkl25z4.o(RESET)
    ../clib/angel/boardlib.s                 0x00000000   Number         0  boardinit2.o ABSOLUTE
    ../clib/angel/boardlib.s                 0x00000000   Number         0  boardinit1.o ABSOLUTE
    ../clib/angel/boardlib.s                 0x00000000   Number         0  boardshut.o ABSOLUTE
    ../clib/angel/boardlib.s                 0x00000000   Number         0  boardinit3.o ABSOLUTE
    ../clib/angel/handlers.s                 0x00000000   Number         0  __scatter_zi.o ABSOLUTE
    ../clib/angel/handlers.s                 0x00000000   Number         0  __scatter_copy.o ABSOLUTE
    ../clib/angel/kernel.s                   0x00000000   Number         0  __rtentry2.o ABSOLUTE
    ../clib/angel/kernel.s                   0x00000000   Number         0  rtexit2.o ABSOLUTE
    ../clib/angel/kernel.s                   0x00000000   Number         0  __rtentry.o ABSOLUTE
    ../clib/angel/kernel.s                   0x00000000   Number         0  rtexit.o ABSOLUTE
    ../clib/angel/kernel.s                   0x00000000   Number         0  __rtentry4.o ABSOLUTE
    ../clib/angel/rt.s                       0x00000000   Number         0  aeabi_idiv0.o ABSOLUTE
    ../clib/angel/rt.s                       0x00000000   Number         0  aeabi_idiv0_sigfpe.o ABSOLUTE
    ../clib/angel/rt.s                       0x00000000   Number         0  rt_raise.o ABSOLUTE
    ../clib/angel/rt.s                       0x00000000   Number         0  rt_div0.o ABSOLUTE
    ../clib/angel/scatterp.s                 0x00000000   Number         0  __scatter.o ABSOLUTE
    ../clib/angel/startup.s                  0x00000000   Number         0  __main.o ABSOLUTE
    ../clib/angel/sys.s                      0x00000000   Number         0  tempstk.o ABSOLUTE
    ../clib/angel/sys.s                      0x00000000   Number         0  libspace.o ABSOLUTE
    ../clib/angel/sys.s                      0x00000000   Number         0  sys_stackheap_outer.o ABSOLUTE
    ../clib/angel/sys.s                      0x00000000   Number         0  indicate_semi.o ABSOLUTE
    ../clib/angel/sys.s                      0x00000000   Number         0  use_no_semi.o ABSOLUTE
    ../clib/angel/sysapp.c                   0x00000000   Number         0  sys_command.o ABSOLUTE
    ../clib/angel/sysapp.c                   0x00000000   Number         0  sys_exit.o ABSOLUTE
    ../clib/angel/sysapp.c                   0x00000000   Number         0  sys_wrch.o ABSOLUTE
    ../clib/armsys.c                         0x00000000   Number         0  argv_veneer.o ABSOLUTE
    ../clib/armsys.c                         0x00000000   Number         0  no_argv.o ABSOLUTE
    ../clib/armsys.c                         0x00000000   Number         0  _get_argv_nomalloc.o ABSOLUTE
    ../clib/division.s                       0x00000000   Number         0  aeabi_sdiv.o ABSOLUTE
    ../clib/division.s                       0x00000000   Number         0  aeabi_sdiv_div0.o ABSOLUTE
    ../clib/heapalloc.c                      0x00000000   Number         0  hrguard.o ABSOLUTE
    ../clib/heapaux.c                        0x00000000   Number         0  heapauxi.o ABSOLUTE
    ../clib/libinit.s                        0x00000000   Number         0  libshutdown2.o ABSOLUTE
    ../clib/libinit.s                        0x00000000   Number         0  libinit2.o ABSOLUTE
    ../clib/libinit.s                        0x00000000   Number         0  libinit.o ABSOLUTE
    ../clib/libinit.s                        0x00000000   Number         0  libshutdown.o ABSOLUTE
    ../clib/memcpset.c                       0x00000000   Number         0  rt_memcpy.o ABSOLUTE
    ../clib/memcpset.c                       0x00000000   Number         0  rt_memcpy.o ABSOLUTE
    ../clib/signal.c                         0x00000000   Number         0  defsig_rtmem_formal.o ABSOLUTE
    ../clib/signal.c                         0x00000000   Number         0  defsig_other.o ABSOLUTE
    ../clib/signal.c                         0x00000000   Number         0  defsig_segv_inner.o ABSOLUTE
    ../clib/signal.c                         0x00000000   Number         0  defsig_cppl_inner.o ABSOLUTE
    ../clib/signal.c                         0x00000000   Number         0  defsig_pvfn_inner.o ABSOLUTE
    ../clib/signal.c                         0x00000000   Number         0  defsig_stak_inner.o ABSOLUTE
    ../clib/signal.c                         0x00000000   Number         0  defsig_rtmem_outer.o ABSOLUTE
    ../clib/signal.c                         0x00000000   Number         0  defsig_rtred_inner.o ABSOLUTE
    ../clib/signal.c                         0x00000000   Number         0  defsig_abrt_inner.o ABSOLUTE
    ../clib/signal.c                         0x00000000   Number         0  defsig_fpe_inner.o ABSOLUTE
    ../clib/signal.c                         0x00000000   Number         0  defsig_exit.o ABSOLUTE
    ../clib/signal.c                         0x00000000   Number         0  defsig_rtmem_inner.o ABSOLUTE
    ../clib/signal.c                         0x00000000   Number         0  defsig_fpe_outer.o ABSOLUTE
    ../clib/signal.c                         0x00000000   Number         0  defsig_general.o ABSOLUTE
    ../clib/signal.c                         0x00000000   Number         0  defsig_fpe_formal.o ABSOLUTE
    ../clib/signal.c                         0x00000000   Number         0  __raise.o ABSOLUTE
    ../clib/signal.s                         0x00000000   Number         0  defsig.o ABSOLUTE
    ../clib/stdlib.c                         0x00000000   Number         0  exit.o ABSOLUTE
    ../fplib/cfplib/fpinit.c                 0x00000000   Number         0  fpinit.o ABSOLUTE
    RTE\Device\MKL25Z128xxx4\startup_MKL25Z4.s 0x00000000   Number         0  startup_mkl25z4.o ABSOLUTE
    RTE\Device\MKL25Z128xxx4\system_MKL25Z4.c 0x00000000   Number         0  system_mkl25z4.o ABSOLUTE
    RTE\\Device\\MKL25Z128xxx4\\system_MKL25Z4.c 0x00000000   Number         0  system_mkl25z4.o ABSOLUTE
    Source_code\LCD_4bit.c                   0x00000000   Number         0  lcd_4bit.o ABSOLUTE
    Source_code\\LCD_4bit.c                  0x00000000   Number         0  lcd_4bit.o ABSOLUTE
    Source_code\\timer.c                     0x00000000   Number         0  timer.o ABSOLUTE
    Source_code\timer.c                      0x00000000   Number         0  timer.o ABSOLUTE
    dc.s                                     0x00000000   Number         0  dc.o ABSOLUTE
    !!!main                                  0x000000c0   Section        8  __main.o(!!!main)
    !!!scatter                               0x000000c8   Section       60  __scatter.o(!!!scatter)
    !!handler_copy                           0x00000104   Section       26  __scatter_copy.o(!!handler_copy)
    !!handler_zi                             0x00000120   Section       28  __scatter_zi.o(!!handler_zi)
    .ARM.Collect$$libinit$$00000000          0x0000013c   Section        2  libinit.o(.ARM.Collect$$libinit$$00000000)
    .ARM.Collect$$libinit$$00000002          0x0000013e   Section        0  libinit2.o(.ARM.Collect$$libinit$$00000002)
    .ARM.Collect$$libinit$$00000004          0x0000013e   Section        0  libinit2.o(.ARM.Collect$$libinit$$00000004)
    .ARM.Collect$$libinit$$0000000A          0x0000013e   Section        0  libinit2.o(.ARM.Collect$$libinit$$0000000A)
    .ARM.Collect$$libinit$$0000000C          0x0000013e   Section        0  libinit2.o(.ARM.Collect$$libinit$$0000000C)
    .ARM.Collect$$libinit$$0000000E          0x0000013e   Section        0  libinit2.o(.ARM.Collect$$libinit$$0000000E)
    .ARM.Collect$$libinit$$00000011          0x0000013e   Section        0  libinit2.o(.ARM.Collect$$libinit$$00000011)
    .ARM.Collect$$libinit$$00000013          0x0000013e   Section        0  libinit2.o(.ARM.Collect$$libinit$$00000013)
    .ARM.Collect$$libinit$$00000015          0x0000013e   Section        0  libinit2.o(.ARM.Collect$$libinit$$00000015)
    .ARM.Collect$$libinit$$00000017          0x0000013e   Section        0  libinit2.o(.ARM.Collect$$libinit$$00000017)
    .ARM.Collect$$libinit$$00000019          0x0000013e   Section        0  libinit2.o(.ARM.Collect$$libinit$$00000019)
    .ARM.Collect$$libinit$$0000001B          0x0000013e   Section        0  libinit2.o(.ARM.Collect$$libinit$$0000001B)
    .ARM.Collect$$libinit$$0000001D          0x0000013e   Section        0  libinit2.o(.ARM.Collect$$libinit$$0000001D)
    .ARM.Collect$$libinit$$0000001F          0x0000013e   Section        0  libinit2.o(.ARM.Collect$$libinit$$0000001F)
    .ARM.Collect$$libinit$$00000021          0x0000013e   Section        0  libinit2.o(.ARM.Collect$$libinit$$00000021)
    .ARM.Collect$$libinit$$00000023          0x0000013e   Section        0  libinit2.o(.ARM.Collect$$libinit$$00000023)
    .ARM.Collect$$libinit$$00000025          0x0000013e   Section        0  libinit2.o(.ARM.Collect$$libinit$$00000025)
    .ARM.Collect$$libinit$$0000002C          0x0000013e   Section        0  libinit2.o(.ARM.Collect$$libinit$$0000002C)
    .ARM.Collect$$libinit$$0000002E          0x0000013e   Section        0  libinit2.o(.ARM.Collect$$libinit$$0000002E)
    .ARM.Collect$$libinit$$00000030          0x0000013e   Section        0  libinit2.o(.ARM.Collect$$libinit$$00000030)
    .ARM.Collect$$libinit$$00000032          0x0000013e   Section        0  libinit2.o(.ARM.Collect$$libinit$$00000032)
    .ARM.Collect$$libinit$$00000033          0x0000013e   Section        2  libinit2.o(.ARM.Collect$$libinit$$00000033)
    .ARM.Collect$$libshutdown$$00000000      0x00000140   Section        2  libshutdown.o(.ARM.Collect$$libshutdown$$00000000)
    .ARM.Collect$$libshutdown$$00000002      0x00000142   Section        0  libshutdown2.o(.ARM.Collect$$libshutdown$$00000002)
    .ARM.Collect$$libshutdown$$00000004      0x00000142   Section        0  libshutdown2.o(.ARM.Collect$$libshutdown$$00000004)
    .ARM.Collect$$libshutdown$$00000007      0x00000142   Section        0  libshutdown2.o(.ARM.Collect$$libshutdown$$00000007)
    .ARM.Collect$$libshutdown$$0000000A      0x00000142   Section        0  libshutdown2.o(.ARM.Collect$$libshutdown$$0000000A)
    .ARM.Collect$$libshutdown$$0000000C      0x00000142   Section        0  libshutdown2.o(.ARM.Collect$$libshutdown$$0000000C)
    .ARM.Collect$$libshutdown$$0000000F      0x00000142   Section        0  libshutdown2.o(.ARM.Collect$$libshutdown$$0000000F)
    .ARM.Collect$$libshutdown$$00000010      0x00000142   Section        2  libshutdown2.o(.ARM.Collect$$libshutdown$$00000010)
    .ARM.Collect$$rtentry$$00000000          0x00000144   Section        0  __rtentry.o(.ARM.Collect$$rtentry$$00000000)
    .ARM.Collect$$rtentry$$00000002          0x00000144   Section        0  __rtentry2.o(.ARM.Collect$$rtentry$$00000002)
    .ARM.Collect$$rtentry$$00000004          0x00000144   Section        6  __rtentry4.o(.ARM.Collect$$rtentry$$00000004)
    .ARM.Collect$$rtentry$$00000009          0x0000014a   Section        0  __rtentry2.o(.ARM.Collect$$rtentry$$00000009)
    .ARM.Collect$$rtentry$$0000000A          0x0000014a   Section        4  __rtentry2.o(.ARM.Collect$$rtentry$$0000000A)
    .ARM.Collect$$rtentry$$0000000C          0x0000014e   Section        0  __rtentry2.o(.ARM.Collect$$rtentry$$0000000C)
    .ARM.Collect$$rtentry$$0000000D          0x0000014e   Section        8  __rtentry2.o(.ARM.Collect$$rtentry$$0000000D)
    .ARM.Collect$$rtexit$$00000000           0x00000156   Section        2  rtexit.o(.ARM.Collect$$rtexit$$00000000)
    .ARM.Collect$$rtexit$$00000002           0x00000158   Section        0  rtexit2.o(.ARM.Collect$$rtexit$$00000002)
    .ARM.Collect$$rtexit$$00000003           0x00000158   Section        4  rtexit2.o(.ARM.Collect$$rtexit$$00000003)
    .ARM.Collect$$rtexit$$00000004           0x0000015c   Section        6  rtexit2.o(.ARM.Collect$$rtexit$$00000004)
    .emb_text                                0x00000164   Section       56  rt_memcpy.o(.emb_text)
    .text                                    0x0000019c   Section       64  startup_mkl25z4.o(.text)
    .text                                    0x000001dc   Section      346  aeabi_sdiv.o(.text)
    .text                                    0x00000336   Section        0  heapauxi.o(.text)
    .text                                    0x0000033c   Section       62  sys_stackheap_outer.o(.text)
    .text                                    0x0000037a   Section        0  exit.o(.text)
    .text                                    0x0000038c   Section        8  libspace.o(.text)
    .text                                    0x00000394   Section        0  sys_exit.o(.text)
    .text                                    0x000003a0   Section        2  use_no_semi.o(.text)
    .text                                    0x000003a2   Section        0  indicate_semi.o(.text)
    i.Clear_LCD                              0x000003a2   Section        0  lcd_4bit.o(i.Clear_LCD)
    i.Delay                                  0x000003b4   Section        0  timer.o(i.Delay)
    i.Print_LCD                              0x000003c4   Section        0  lcd_4bit.o(i.Print_LCD)
    i.Set_Cursor                             0x000003da   Section        0  lcd_4bit.o(i.Set_Cursor)
    i.SystemInit                             0x000003f4   Section        0  system_mkl25z4.o(i.SystemInit)
    .ARM.__at_0x400                          0x00000400   Section       16  startup_mkl25z4.o(.ARM.__at_0x400)
    i.Init_LCD                               0x00000410   Section        0  lcd_4bit.o(i.Init_LCD)
    i.LED_init                               0x00000490   Section        0  timer.o(i.LED_init)
    i.delayUs                                0x00000528   Section        0  timer.o(i.delayUs)
    i.getDecStr                              0x0000053e   Section        0  timer.o(i.getDecStr)
    i.is_num                                 0x00000572   Section        0  timer.o(i.is_num)
    i.keypad_getkey                          0x00000590   Section        0  timer.o(i.keypad_getkey)
    i.keypad_init                            0x000006a0   Section        0  timer.o(i.keypad_init)
    i.lcd_init_port                          0x000006e0   Section        0  lcd_4bit.o(i.lcd_init_port)
    i.lcd_printInt                           0x00000714   Section        0  timer.o(i.lcd_printInt)
    i.lcd_putchar                            0x0000072a   Section        0  lcd_4bit.o(i.lcd_putchar)
    i.lcd_read_status                        0x00000738   Section        0  lcd_4bit.o(i.lcd_read_status)
    lcd_read_status                          0x00000739   Thumb Code   106  lcd_4bit.o(i.lcd_read_status)
    i.lcd_write_4bit                         0x000007a8   Section        0  lcd_4bit.o(i.lcd_write_4bit)
    i.lcd_write_cmd                          0x000007ec   Section        0  lcd_4bit.o(i.lcd_write_cmd)
    i.lcd_write_data                         0x0000080c   Section        0  lcd_4bit.o(i.lcd_write_data)
    lcd_write_data                           0x0000080d   Thumb Code    28  lcd_4bit.o(i.lcd_write_data)
    i.main                                   0x0000082c   Section        0  timer.o(i.main)
    i.mode_select                            0x00000844   Section        0  timer.o(i.mode_select)
    i.pause_timer                            0x000008c4   Section        0  timer.o(i.pause_timer)
    i.set_timer                              0x00000944   Section        0  timer.o(i.set_timer)
    i.stopwatch                              0x00000c60   Section        0  timer.o(i.stopwatch)
    i.timer_complete                         0x00000e6c   Section        0  timer.o(i.timer_complete)
    i.timer_countdown                        0x00000ec4   Section        0  timer.o(i.timer_countdown)
    i.wait_while_busy                        0x00000fcc   Section        0  lcd_4bit.o(i.wait_while_busy)
    .data                                    0x1ffff000   Section       13  timer.o(.data)
    .bss                                     0x1ffff010   Section       96  libspace.o(.bss)
    HEAP                                     0x1ffff070   Section        0  startup_mkl25z4.o(HEAP)
    STACK                                    0x1ffff070   Section      256  startup_mkl25z4.o(STACK)
    Heap_Mem                                 0x1ffff070   Data           0  startup_mkl25z4.o(HEAP)
    Stack_Mem                                0x1ffff070   Data         256  startup_mkl25z4.o(STACK)
    __initial_sp                             0x1ffff170   Data           0  startup_mkl25z4.o(STACK)

    Global Symbols

    Symbol Name                              Value     Ov Type        Size  Object(Section)

    BuildAttributes$$THM_ISAv3M$S$PE$A:L22$X:L11$S22$IEEE1$IW$USESV6$~STKCKD$USESV7$~SHL$OSPACE$ROPI$EBA8$UX$STANDARDLIB$REQ8$PRES8$EABIv2 0x00000000   Number         0  anon$$obj.o ABSOLUTE
    __ARM_use_no_argv                        0x00000000   Number         0  timer.o ABSOLUTE
    __Vectors                                0x00000000   Data           4  startup_mkl25z4.o(RESET)
    __ARM_exceptions_init                     - Undefined Weak Reference
    __alloca_initialize                       - Undefined Weak Reference
    __arm_preinit_                            - Undefined Weak Reference
    __cpp_initialize__aeabi_                  - Undefined Weak Reference
    __cxa_finalize                            - Undefined Weak Reference
    __rt_locale                               - Undefined Weak Reference
    __sigvec_lookup                           - Undefined Weak Reference
    _atexit_init                              - Undefined Weak Reference
    _call_atexit_fns                          - Undefined Weak Reference
    _clock_init                               - Undefined Weak Reference
    _fp_trap_init                             - Undefined Weak Reference
    _fp_trap_shutdown                         - Undefined Weak Reference
    _get_lc_collate                           - Undefined Weak Reference
    _get_lc_ctype                             - Undefined Weak Reference
    _get_lc_monetary                          - Undefined Weak Reference
    _get_lc_numeric                           - Undefined Weak Reference
    _get_lc_time                              - Undefined Weak Reference
    _getenv_init                              - Undefined Weak Reference
    _handle_redirection                       - Undefined Weak Reference
    _init_alloc                               - Undefined Weak Reference
    _init_user_alloc                          - Undefined Weak Reference
    _initio                                   - Undefined Weak Reference
    _rand_init                                - Undefined Weak Reference
    _signal_finish                            - Undefined Weak Reference
    _signal_init                              - Undefined Weak Reference
    _terminate_alloc                          - Undefined Weak Reference
    _terminate_user_alloc                     - Undefined Weak Reference
    _terminateio                              - Undefined Weak Reference
    __Vectors_End                            0x000000c0   Data           0  startup_mkl25z4.o(RESET)
    __Vectors_Size                           0x000000c0   Number         0  startup_mkl25z4.o ABSOLUTE
    __main                                   0x000000c1   Thumb Code     8  __main.o(!!!main)
    __scatterload                            0x000000c9   Thumb Code     0  __scatter.o(!!!scatter)
    __scatterload_rt2                        0x000000c9   Thumb Code    52  __scatter.o(!!!scatter)
    __scatterload_rt2_thumb_only             0x000000c9   Thumb Code     0  __scatter.o(!!!scatter)
    __scatterload_null                       0x000000d9   Thumb Code     0  __scatter.o(!!!scatter)
    __scatterload_copy                       0x00000105   Thumb Code    26  __scatter_copy.o(!!handler_copy)
    __scatterload_zeroinit                   0x00000121   Thumb Code    28  __scatter_zi.o(!!handler_zi)
    __rt_lib_init                            0x0000013d   Thumb Code     0  libinit.o(.ARM.Collect$$libinit$$00000000)
    __rt_lib_init_alloca_1                   0x0000013f   Thumb Code     0  libinit2.o(.ARM.Collect$$libinit$$0000002E)
    __rt_lib_init_argv_1                     0x0000013f   Thumb Code     0  libinit2.o(.ARM.Collect$$libinit$$0000002C)
    __rt_lib_init_atexit_1                   0x0000013f   Thumb Code     0  libinit2.o(.ARM.Collect$$libinit$$0000001B)
    __rt_lib_init_clock_1                    0x0000013f   Thumb Code     0  libinit2.o(.ARM.Collect$$libinit$$00000021)
    __rt_lib_init_cpp_1                      0x0000013f   Thumb Code     0  libinit2.o(.ARM.Collect$$libinit$$00000032)
    __rt_lib_init_exceptions_1               0x0000013f   Thumb Code     0  libinit2.o(.ARM.Collect$$libinit$$00000030)
    __rt_lib_init_fp_1                       0x0000013f   Thumb Code     0  libinit2.o(.ARM.Collect$$libinit$$00000002)
    __rt_lib_init_fp_trap_1                  0x0000013f   Thumb Code     0  libinit2.o(.ARM.Collect$$libinit$$0000001F)
    __rt_lib_init_getenv_1                   0x0000013f   Thumb Code     0  libinit2.o(.ARM.Collect$$libinit$$00000023)
    __rt_lib_init_heap_1                     0x0000013f   Thumb Code     0  libinit2.o(.ARM.Collect$$libinit$$0000000A)
    __rt_lib_init_lc_collate_1               0x0000013f   Thumb Code     0  libinit2.o(.ARM.Collect$$libinit$$00000011)
    __rt_lib_init_lc_ctype_1                 0x0000013f   Thumb Code     0  libinit2.o(.ARM.Collect$$libinit$$00000013)
    __rt_lib_init_lc_monetary_1              0x0000013f   Thumb Code     0  libinit2.o(.ARM.Collect$$libinit$$00000015)
    __rt_lib_init_lc_numeric_1               0x0000013f   Thumb Code     0  libinit2.o(.ARM.Collect$$libinit$$00000017)
    __rt_lib_init_lc_time_1                  0x0000013f   Thumb Code     0  libinit2.o(.ARM.Collect$$libinit$$00000019)
    __rt_lib_init_preinit_1                  0x0000013f   Thumb Code     0  libinit2.o(.ARM.Collect$$libinit$$00000004)
    __rt_lib_init_rand_1                     0x0000013f   Thumb Code     0  libinit2.o(.ARM.Collect$$libinit$$0000000E)
    __rt_lib_init_return                     0x0000013f   Thumb Code     0  libinit2.o(.ARM.Collect$$libinit$$00000033)
    __rt_lib_init_signal_1                   0x0000013f   Thumb Code     0  libinit2.o(.ARM.Collect$$libinit$$0000001D)
    __rt_lib_init_stdio_1                    0x0000013f   Thumb Code     0  libinit2.o(.ARM.Collect$$libinit$$00000025)
    __rt_lib_init_user_alloc_1               0x0000013f   Thumb Code     0  libinit2.o(.ARM.Collect$$libinit$$0000000C)
    __rt_lib_shutdown                        0x00000141   Thumb Code     0  libshutdown.o(.ARM.Collect$$libshutdown$$00000000)
    __rt_lib_shutdown_cpp_1                  0x00000143   Thumb Code     0  libshutdown2.o(.ARM.Collect$$libshutdown$$00000002)
    __rt_lib_shutdown_fp_trap_1              0x00000143   Thumb Code     0  libshutdown2.o(.ARM.Collect$$libshutdown$$00000007)
    __rt_lib_shutdown_heap_1                 0x00000143   Thumb Code     0  libshutdown2.o(.ARM.Collect$$libshutdown$$0000000F)
    __rt_lib_shutdown_return                 0x00000143   Thumb Code     0  libshutdown2.o(.ARM.Collect$$libshutdown$$00000010)
    __rt_lib_shutdown_signal_1               0x00000143   Thumb Code     0  libshutdown2.o(.ARM.Collect$$libshutdown$$0000000A)
    __rt_lib_shutdown_stdio_1                0x00000143   Thumb Code     0  libshutdown2.o(.ARM.Collect$$libshutdown$$00000004)
    __rt_lib_shutdown_user_alloc_1           0x00000143   Thumb Code     0  libshutdown2.o(.ARM.Collect$$libshutdown$$0000000C)
    __rt_entry                               0x00000145   Thumb Code     0  __rtentry.o(.ARM.Collect$$rtentry$$00000000)
    __rt_entry_presh_1                       0x00000145   Thumb Code     0  __rtentry2.o(.ARM.Collect$$rtentry$$00000002)
    __rt_entry_sh                            0x00000145   Thumb Code     0  __rtentry4.o(.ARM.Collect$$rtentry$$00000004)
    __rt_entry_li                            0x0000014b   Thumb Code     0  __rtentry2.o(.ARM.Collect$$rtentry$$0000000A)
    __rt_entry_postsh_1                      0x0000014b   Thumb Code     0  __rtentry2.o(.ARM.Collect$$rtentry$$00000009)
    __rt_entry_main                          0x0000014f   Thumb Code     0  __rtentry2.o(.ARM.Collect$$rtentry$$0000000D)
    __rt_entry_postli_1                      0x0000014f   Thumb Code     0  __rtentry2.o(.ARM.Collect$$rtentry$$0000000C)
    __rt_exit                                0x00000157   Thumb Code     0  rtexit.o(.ARM.Collect$$rtexit$$00000000)
    __rt_exit_ls                             0x00000159   Thumb Code     0  rtexit2.o(.ARM.Collect$$rtexit$$00000003)
    __rt_exit_prels_1                        0x00000159   Thumb Code     0  rtexit2.o(.ARM.Collect$$rtexit$$00000002)
    __rt_exit_exit                           0x0000015d   Thumb Code     0  rtexit2.o(.ARM.Collect$$rtexit$$00000004)
    __aeabi_memcpy4                          0x00000165   Thumb Code    56  rt_memcpy.o(.emb_text)
    __aeabi_memcpy8                          0x00000165   Thumb Code     0  rt_memcpy.o(.emb_text)
    Reset_Handler                            0x0000019d   Thumb Code    12  startup_mkl25z4.o(.text)
    NMI_Handler                              0x000001a9   Thumb Code     2  startup_mkl25z4.o(.text)
    HardFault_Handler                        0x000001ab   Thumb Code     2  startup_mkl25z4.o(.text)
    SVC_Handler                              0x000001ad   Thumb Code     2  startup_mkl25z4.o(.text)
    PendSV_Handler                           0x000001af   Thumb Code     2  startup_mkl25z4.o(.text)
    SysTick_Handler                          0x000001b1   Thumb Code     2  startup_mkl25z4.o(.text)
    ADC0_IRQHandler                          0x000001b3   Thumb Code     0  startup_mkl25z4.o(.text)
    CMP0_IRQHandler                          0x000001b3   Thumb Code     0  startup_mkl25z4.o(.text)
    DAC0_IRQHandler                          0x000001b3   Thumb Code     0  startup_mkl25z4.o(.text)
    DMA0_IRQHandler                          0x000001b3   Thumb Code     0  startup_mkl25z4.o(.text)
    DMA1_IRQHandler                          0x000001b3   Thumb Code     0  startup_mkl25z4.o(.text)
    DMA2_IRQHandler                          0x000001b3   Thumb Code     0  startup_mkl25z4.o(.text)
    DMA3_IRQHandler                          0x000001b3   Thumb Code     0  startup_mkl25z4.o(.text)
    DefaultISR                               0x000001b3   Thumb Code     0  startup_mkl25z4.o(.text)
    FTFA_IRQHandler                          0x000001b3   Thumb Code     0  startup_mkl25z4.o(.text)
    I2C0_IRQHandler                          0x000001b3   Thumb Code     0  startup_mkl25z4.o(.text)
    I2C1_IRQHandler                          0x000001b3   Thumb Code     0  startup_mkl25z4.o(.text)
    LLWU_IRQHandler                          0x000001b3   Thumb Code     0  startup_mkl25z4.o(.text)
    LPTMR0_IRQHandler                        0x000001b3   Thumb Code     0  startup_mkl25z4.o(.text)
    LVD_LVW_IRQHandler                       0x000001b3   Thumb Code     0  startup_mkl25z4.o(.text)
    MCG_IRQHandler                           0x000001b3   Thumb Code     0  startup_mkl25z4.o(.text)
    PIT_IRQHandler                           0x000001b3   Thumb Code     0  startup_mkl25z4.o(.text)
    PORTA_IRQHandler                         0x000001b3   Thumb Code     0  startup_mkl25z4.o(.text)
    PORTD_IRQHandler                         0x000001b3   Thumb Code     0  startup_mkl25z4.o(.text)
    RTC_IRQHandler                           0x000001b3   Thumb Code     0  startup_mkl25z4.o(.text)
    RTC_Seconds_IRQHandler                   0x000001b3   Thumb Code     0  startup_mkl25z4.o(.text)
    Reserved20_IRQHandler                    0x000001b3   Thumb Code     0  startup_mkl25z4.o(.text)
    Reserved39_IRQHandler                    0x000001b3   Thumb Code     0  startup_mkl25z4.o(.text)
    Reserved45_IRQHandler                    0x000001b3   Thumb Code     0  startup_mkl25z4.o(.text)
    SPI0_IRQHandler                          0x000001b3   Thumb Code     0  startup_mkl25z4.o(.text)
    SPI1_IRQHandler                          0x000001b3   Thumb Code     0  startup_mkl25z4.o(.text)
    TPM0_IRQHandler                          0x000001b3   Thumb Code     0  startup_mkl25z4.o(.text)
    TPM1_IRQHandler                          0x000001b3   Thumb Code     0  startup_mkl25z4.o(.text)
    TPM2_IRQHandler                          0x000001b3   Thumb Code     0  startup_mkl25z4.o(.text)
    TSI0_IRQHandler                          0x000001b3   Thumb Code     0  startup_mkl25z4.o(.text)
    UART0_IRQHandler                         0x000001b3   Thumb Code     0  startup_mkl25z4.o(.text)
    UART1_IRQHandler                         0x000001b3   Thumb Code     0  startup_mkl25z4.o(.text)
    UART2_IRQHandler                         0x000001b3   Thumb Code     0  startup_mkl25z4.o(.text)
    USB0_IRQHandler                          0x000001b3   Thumb Code     0  startup_mkl25z4.o(.text)
    __user_initial_stackheap                 0x000001b9   Thumb Code     0  startup_mkl25z4.o(.text)
    __aeabi_uidiv                            0x000001dd   Thumb Code     0  aeabi_sdiv.o(.text)
    __aeabi_uidivmod                         0x000001dd   Thumb Code    20  aeabi_sdiv.o(.text)
    __aeabi_idiv                             0x000001f1   Thumb Code     0  aeabi_sdiv.o(.text)
    __aeabi_idivmod                          0x000001f1   Thumb Code   326  aeabi_sdiv.o(.text)
    __use_two_region_memory                  0x00000337   Thumb Code     2  heapauxi.o(.text)
    __rt_heap_escrow$2region                 0x00000339   Thumb Code     2  heapauxi.o(.text)
    __rt_heap_expand$2region                 0x0000033b   Thumb Code     2  heapauxi.o(.text)
    __user_setup_stackheap                   0x0000033d   Thumb Code    62  sys_stackheap_outer.o(.text)
    exit                                     0x0000037b   Thumb Code    16  exit.o(.text)
    __user_libspace                          0x0000038d   Thumb Code     8  libspace.o(.text)
    __user_perproc_libspace                  0x0000038d   Thumb Code     0  libspace.o(.text)
    __user_perthread_libspace                0x0000038d   Thumb Code     0  libspace.o(.text)
    _sys_exit                                0x00000395   Thumb Code     8  sys_exit.o(.text)
    __I$use$semihosting                      0x000003a1   Thumb Code     0  use_no_semi.o(.text)
    __use_no_semihosting_swi                 0x000003a1   Thumb Code     2  use_no_semi.o(.text)
    Clear_LCD                                0x000003a3   Thumb Code    18  lcd_4bit.o(i.Clear_LCD)
    __semihosting_library_function           0x000003a3   Thumb Code     0  indicate_semi.o(.text)
    Delay                                    0x000003b5   Thumb Code    16  timer.o(i.Delay)
    Print_LCD                                0x000003c5   Thumb Code    22  lcd_4bit.o(i.Print_LCD)
    Set_Cursor                               0x000003db   Thumb Code    24  lcd_4bit.o(i.Set_Cursor)
    SystemInit                               0x000003f5   Thumb Code     8  system_mkl25z4.o(i.SystemInit)
    Init_LCD                                 0x00000411   Thumb Code   122  lcd_4bit.o(i.Init_LCD)
    LED_init                                 0x00000491   Thumb Code   134  timer.o(i.LED_init)
    delayUs                                  0x00000529   Thumb Code    22  timer.o(i.delayUs)
    getDecStr                                0x0000053f   Thumb Code    52  timer.o(i.getDecStr)
    is_num                                   0x00000573   Thumb Code    30  timer.o(i.is_num)
    keypad_getkey                            0x00000591   Thumb Code   244  timer.o(i.keypad_getkey)
    keypad_init                              0x000006a1   Thumb Code    52  timer.o(i.keypad_init)
    lcd_init_port                            0x000006e1   Thumb Code    38  lcd_4bit.o(i.lcd_init_port)
    lcd_printInt                             0x00000715   Thumb Code    22  timer.o(i.lcd_printInt)
    lcd_putchar                              0x0000072b   Thumb Code    12  lcd_4bit.o(i.lcd_putchar)
    lcd_write_4bit                           0x000007a9   Thumb Code    62  lcd_4bit.o(i.lcd_write_4bit)
    lcd_write_cmd                            0x000007ed   Thumb Code    28  lcd_4bit.o(i.lcd_write_cmd)
    main                                     0x0000082d   Thumb Code    24  timer.o(i.main)
    mode_select                              0x00000845   Thumb Code   100  timer.o(i.mode_select)
    pause_timer                              0x000008c5   Thumb Code    84  timer.o(i.pause_timer)
    set_timer                                0x00000945   Thumb Code   664  timer.o(i.set_timer)
    stopwatch                                0x00000c61   Thumb Code   444  timer.o(i.stopwatch)
    timer_complete                           0x00000e6d   Thumb Code    56  timer.o(i.timer_complete)
    timer_countdown                          0x00000ec5   Thumb Code   212  timer.o(i.timer_countdown)
    wait_while_busy                          0x00000fcd   Thumb Code    18  lcd_4bit.o(i.wait_while_busy)
    Region$$Table$$Base                      0x00000fe0   Number         0  anon$$obj.o(Region$$Table)
    Region$$Table$$Limit                     0x00001000   Number         0  anon$$obj.o(Region$$Table)
    hours                                    0x1ffff000   Data           4  timer.o(.data)
    mins                                     0x1ffff004   Data           4  timer.o(.data)
    secs                                     0x1ffff008   Data           4  timer.o(.data)
    restarted                                0x1ffff00c   Data           1  timer.o(.data)
    __libspace_start                         0x1ffff010   Data          96  libspace.o(.bss)
    __temporary_stack_top$libspace           0x1ffff070   Data           0  libspace.o(.bss)



==============================================================================

Memory Map of the image

  Image Entry point : 0x0000019d

  Load Region LR_1 (Base: 0x00000000, Size: 0x00001010, Max: 0xffffffff, ABSOLUTE)

    Execution Region ER_RO (Exec base: 0x00000000, Load base: 0x00000000, Size: 0x00001000, Max: 0xffffffff, ABSOLUTE)

    Exec Addr    Load Addr    Size         Type   Attr      Idx    E Section Name        Object

    0x00000000   0x00000000   0x000000c0   Data   RO          231    RESET               startup_mkl25z4.o
    0x000000c0   0x000000c0   0x00000008   Code   RO          291  * !!!main             c_p.l(__main.o)
    0x000000c8   0x000000c8   0x0000003c   Code   RO          460    !!!scatter          c_p.l(__scatter.o)
    0x00000104   0x00000104   0x0000001a   Code   RO          462    !!handler_copy      c_p.l(__scatter_copy.o)
    0x0000011e   0x0000011e   0x00000002   PAD
    0x00000120   0x00000120   0x0000001c   Code   RO          464    !!handler_zi        c_p.l(__scatter_zi.o)
    0x0000013c   0x0000013c   0x00000002   Code   RO          329    .ARM.Collect$$libinit$$00000000  c_p.l(libinit.o)
    0x0000013e   0x0000013e   0x00000000   Code   RO          343    .ARM.Collect$$libinit$$00000002  c_p.l(libinit2.o)
    0x0000013e   0x0000013e   0x00000000   Code   RO          345    .ARM.Collect$$libinit$$00000004  c_p.l(libinit2.o)
    0x0000013e   0x0000013e   0x00000000   Code   RO          348    .ARM.Collect$$libinit$$0000000A  c_p.l(libinit2.o)
    0x0000013e   0x0000013e   0x00000000   Code   RO          350    .ARM.Collect$$libinit$$0000000C  c_p.l(libinit2.o)
    0x0000013e   0x0000013e   0x00000000   Code   RO          352    .ARM.Collect$$libinit$$0000000E  c_p.l(libinit2.o)
    0x0000013e   0x0000013e   0x00000000   Code   RO          355    .ARM.Collect$$libinit$$00000011  c_p.l(libinit2.o)
    0x0000013e   0x0000013e   0x00000000   Code   RO          357    .ARM.Collect$$libinit$$00000013  c_p.l(libinit2.o)
    0x0000013e   0x0000013e   0x00000000   Code   RO          359    .ARM.Collect$$libinit$$00000015  c_p.l(libinit2.o)
    0x0000013e   0x0000013e   0x00000000   Code   RO          361    .ARM.Collect$$libinit$$00000017  c_p.l(libinit2.o)
    0x0000013e   0x0000013e   0x00000000   Code   RO          363    .ARM.Collect$$libinit$$00000019  c_p.l(libinit2.o)
    0x0000013e   0x0000013e   0x00000000   Code   RO          365    .ARM.Collect$$libinit$$0000001B  c_p.l(libinit2.o)
    0x0000013e   0x0000013e   0x00000000   Code   RO          367    .ARM.Collect$$libinit$$0000001D  c_p.l(libinit2.o)
    0x0000013e   0x0000013e   0x00000000   Code   RO          369    .ARM.Collect$$libinit$$0000001F  c_p.l(libinit2.o)
    0x0000013e   0x0000013e   0x00000000   Code   RO          371    .ARM.Collect$$libinit$$00000021  c_p.l(libinit2.o)
    0x0000013e   0x0000013e   0x00000000   Code   RO          373    .ARM.Collect$$libinit$$00000023  c_p.l(libinit2.o)
    0x0000013e   0x0000013e   0x00000000   Code   RO          375    .ARM.Collect$$libinit$$00000025  c_p.l(libinit2.o)
    0x0000013e   0x0000013e   0x00000000   Code   RO          379    .ARM.Collect$$libinit$$0000002C  c_p.l(libinit2.o)
    0x0000013e   0x0000013e   0x00000000   Code   RO          381    .ARM.Collect$$libinit$$0000002E  c_p.l(libinit2.o)
    0x0000013e   0x0000013e   0x00000000   Code   RO          383    .ARM.Collect$$libinit$$00000030  c_p.l(libinit2.o)
    0x0000013e   0x0000013e   0x00000000   Code   RO          385    .ARM.Collect$$libinit$$00000032  c_p.l(libinit2.o)
    0x0000013e   0x0000013e   0x00000002   Code   RO          386    .ARM.Collect$$libinit$$00000033  c_p.l(libinit2.o)
    0x00000140   0x00000140   0x00000002   Code   RO          417    .ARM.Collect$$libshutdown$$00000000  c_p.l(libshutdown.o)
    0x00000142   0x00000142   0x00000000   Code   RO          443    .ARM.Collect$$libshutdown$$00000002  c_p.l(libshutdown2.o)
    0x00000142   0x00000142   0x00000000   Code   RO          445    .ARM.Collect$$libshutdown$$00000004  c_p.l(libshutdown2.o)
    0x00000142   0x00000142   0x00000000   Code   RO          448    .ARM.Collect$$libshutdown$$00000007  c_p.l(libshutdown2.o)
    0x00000142   0x00000142   0x00000000   Code   RO          451    .ARM.Collect$$libshutdown$$0000000A  c_p.l(libshutdown2.o)
    0x00000142   0x00000142   0x00000000   Code   RO          453    .ARM.Collect$$libshutdown$$0000000C  c_p.l(libshutdown2.o)
    0x00000142   0x00000142   0x00000000   Code   RO          456    .ARM.Collect$$libshutdown$$0000000F  c_p.l(libshutdown2.o)
    0x00000142   0x00000142   0x00000002   Code   RO          457    .ARM.Collect$$libshutdown$$00000010  c_p.l(libshutdown2.o)
    0x00000144   0x00000144   0x00000000   Code   RO          293    .ARM.Collect$$rtentry$$00000000  c_p.l(__rtentry.o)
    0x00000144   0x00000144   0x00000000   Code   RO          299    .ARM.Collect$$rtentry$$00000002  c_p.l(__rtentry2.o)
    0x00000144   0x00000144   0x00000006   Code   RO          311    .ARM.Collect$$rtentry$$00000004  c_p.l(__rtentry4.o)
    0x0000014a   0x0000014a   0x00000000   Code   RO          301    .ARM.Collect$$rtentry$$00000009  c_p.l(__rtentry2.o)
    0x0000014a   0x0000014a   0x00000004   Code   RO          302    .ARM.Collect$$rtentry$$0000000A  c_p.l(__rtentry2.o)
    0x0000014e   0x0000014e   0x00000000   Code   RO          304    .ARM.Collect$$rtentry$$0000000C  c_p.l(__rtentry2.o)
    0x0000014e   0x0000014e   0x00000008   Code   RO          305    .ARM.Collect$$rtentry$$0000000D  c_p.l(__rtentry2.o)
    0x00000156   0x00000156   0x00000002   Code   RO          334    .ARM.Collect$$rtexit$$00000000  c_p.l(rtexit.o)
    0x00000158   0x00000158   0x00000000   Code   RO          390    .ARM.Collect$$rtexit$$00000002  c_p.l(rtexit2.o)
    0x00000158   0x00000158   0x00000004   Code   RO          391    .ARM.Collect$$rtexit$$00000003  c_p.l(rtexit2.o)
    0x0000015c   0x0000015c   0x00000006   Code   RO          392    .ARM.Collect$$rtexit$$00000004  c_p.l(rtexit2.o)
    0x00000162   0x00000162   0x00000002   PAD
    0x00000164   0x00000164   0x00000038   Code   RO          281    .emb_text           c_p.l(rt_memcpy.o)
    0x0000019c   0x0000019c   0x00000040   Code   RO          233  * .text               startup_mkl25z4.o
    0x000001dc   0x000001dc   0x0000015a   Code   RO          285    .text               c_p.l(aeabi_sdiv.o)
    0x00000336   0x00000336   0x00000006   Code   RO          289    .text               c_p.l(heapauxi.o)
    0x0000033c   0x0000033c   0x0000003e   Code   RO          315    .text               c_p.l(sys_stackheap_outer.o)
    0x0000037a   0x0000037a   0x00000010   Code   RO          318    .text               c_p.l(exit.o)
    0x0000038a   0x0000038a   0x00000002   PAD
    0x0000038c   0x0000038c   0x00000008   Code   RO          330    .text               c_p.l(libspace.o)
    0x00000394   0x00000394   0x0000000c   Code   RO          387    .text               c_p.l(sys_exit.o)
    0x000003a0   0x000003a0   0x00000002   Code   RO          406    .text               c_p.l(use_no_semi.o)
    0x000003a2   0x000003a2   0x00000000   Code   RO          408    .text               c_p.l(indicate_semi.o)
    0x000003a2   0x000003a2   0x00000012   Code   RO            3    i.Clear_LCD         lcd_4bit.o
    0x000003b4   0x000003b4   0x00000010   Code   RO          112    i.Delay             timer.o
    0x000003c4   0x000003c4   0x00000016   Code   RO            5    i.Print_LCD         lcd_4bit.o
    0x000003da   0x000003da   0x00000018   Code   RO            6    i.Set_Cursor        lcd_4bit.o
    0x000003f2   0x000003f2   0x00000002   PAD
    0x000003f4   0x000003f4   0x0000000c   Code   RO          242    i.SystemInit        system_mkl25z4.o
    0x00000400   0x00000400   0x00000010   Code   RO          232    .ARM.__at_0x400     startup_mkl25z4.o
    0x00000410   0x00000410   0x00000080   Code   RO            4    i.Init_LCD          lcd_4bit.o
    0x00000490   0x00000490   0x00000098   Code   RO          113    i.LED_init          timer.o
    0x00000528   0x00000528   0x00000016   Code   RO          114    i.delayUs           timer.o
    0x0000053e   0x0000053e   0x00000034   Code   RO          115    i.getDecStr         timer.o
    0x00000572   0x00000572   0x0000001e   Code   RO          116    i.is_num            timer.o
    0x00000590   0x00000590   0x00000110   Code   RO          117    i.keypad_getkey     timer.o
    0x000006a0   0x000006a0   0x00000040   Code   RO          118    i.keypad_init       timer.o
    0x000006e0   0x000006e0   0x00000034   Code   RO            7    i.lcd_init_port     lcd_4bit.o
    0x00000714   0x00000714   0x00000016   Code   RO          120    i.lcd_printInt      timer.o
    0x0000072a   0x0000072a   0x0000000c   Code   RO            8    i.lcd_putchar       lcd_4bit.o
    0x00000736   0x00000736   0x00000002   PAD
    0x00000738   0x00000738   0x00000070   Code   RO            9    i.lcd_read_status   lcd_4bit.o
    0x000007a8   0x000007a8   0x00000044   Code   RO           10    i.lcd_write_4bit    lcd_4bit.o
    0x000007ec   0x000007ec   0x00000020   Code   RO           11    i.lcd_write_cmd     lcd_4bit.o
    0x0000080c   0x0000080c   0x00000020   Code   RO           12    i.lcd_write_data    lcd_4bit.o
    0x0000082c   0x0000082c   0x00000018   Code   RO          121    i.main              timer.o
    0x00000844   0x00000844   0x00000080   Code   RO          122    i.mode_select       timer.o
    0x000008c4   0x000008c4   0x00000080   Code   RO          123    i.pause_timer       timer.o
    0x00000944   0x00000944   0x0000031c   Code   RO          124    i.set_timer         timer.o
    0x00000c60   0x00000c60   0x0000020c   Code   RO          125    i.stopwatch         timer.o
    0x00000e6c   0x00000e6c   0x00000058   Code   RO          126    i.timer_complete    timer.o
    0x00000ec4   0x00000ec4   0x00000108   Code   RO          127    i.timer_countdown   timer.o
    0x00000fcc   0x00000fcc   0x00000012   Code   RO           13    i.wait_while_busy   lcd_4bit.o
    0x00000fde   0x00000fde   0x00000002   PAD
    0x00000fe0   0x00000fe0   0x00000020   Data   RO          458    Region$$Table       anon$$obj.o


    Execution Region ER_RW (Exec base: 0x1ffff000, Load base: 0x00001000, Size: 0x00000010, Max: 0xffffffff, ABSOLUTE)

    Exec Addr    Load Addr    Size         Type   Attr      Idx    E Section Name        Object

    0x1ffff000   0x00001000   0x0000000d   Data   RW          128    .data               timer.o


    Execution Region ER_ZI (Exec base: 0x1ffff010, Load base: 0x00001010, Size: 0x00000160, Max: 0xffffffff, ABSOLUTE)

    Exec Addr    Load Addr    Size         Type   Attr      Idx    E Section Name        Object

    0x1ffff010        -       0x00000060   Zero   RW          331    .bss                c_p.l(libspace.o)
    0x1ffff070        -       0x00000000   Zero   RW          230    HEAP                startup_mkl25z4.o
    0x1ffff070        -       0x00000100   Zero   RW          229    STACK               startup_mkl25z4.o


==============================================================================

Image component sizes


      Code (inc. data)   RO Data    RW Data    ZI Data      Debug   Object Name

       518         40          0          0          0       9901   lcd_4bit.o
        80         44        192          0        256        908   startup_mkl25z4.o
        12          4          0          0          0        453   system_mkl25z4.o
      2582        426          0         13          0       9897   timer.o

    ----------------------------------------------------------------------
      3198        514        224         16        256      21159   Object Totals
         0          0         32          0          0          0   (incl. Generated)
         6          0          0          3          0          0   (incl. Padding)

    ----------------------------------------------------------------------

      Code (inc. data)   RO Data    RW Data    ZI Data      Debug   Library Member Name

         8          0          0          0          0         68   __main.o
         0          0          0          0          0          0   __rtentry.o
        12          0          0          0          0          0   __rtentry2.o
         6          0          0          0          0          0   __rtentry4.o
        60          8          0          0          0          0   __scatter.o
        26          0          0          0          0          0   __scatter_copy.o
        28          0          0          0          0          0   __scatter_zi.o
       346          0          0          0          0         92   aeabi_sdiv.o
        16          0          0          0          0         68   exit.o
         6          0          0          0          0        136   heapauxi.o
         0          0          0          0          0          0   indicate_semi.o
         2          0          0          0          0          0   libinit.o
         2          0          0          0          0          0   libinit2.o
         2          0          0          0          0          0   libshutdown.o
         2          0          0          0          0          0   libshutdown2.o
         8          4          0          0         96         68   libspace.o
        56          0          0          0          0         68   rt_memcpy.o
         2          0          0          0          0          0   rtexit.o
        10          0          0          0          0          0   rtexit2.o
        12          4          0          0          0         60   sys_exit.o
        62          0          0          0          0         80   sys_stackheap_outer.o
         2          0          0          0          0         68   use_no_semi.o

    ----------------------------------------------------------------------
       674         16          0          0         96        708   Library Totals
         6          0          0          0          0          0   (incl. Padding)

    ----------------------------------------------------------------------

      Code (inc. data)   RO Data    RW Data    ZI Data      Debug   Library Name

       668         16          0          0         96        708   c_p.l

    ----------------------------------------------------------------------
       674         16          0          0         96        708   Library Totals

    ----------------------------------------------------------------------

==============================================================================


      Code (inc. data)   RO Data    RW Data    ZI Data      Debug   

      3872        530        224         16        352      20571   Grand Totals
      3872        530        224         16        352      20571   ELF Image Totals
      3872        530        224         16          0          0   ROM Totals

==============================================================================

    Total RO  Size (Code + RO Data)                 4096 (   4.00kB)
    Total RW  Size (RW Data + ZI Data)               368 (   0.36kB)
    Total ROM Size (Code + RO Data + RW Data)       4112 (   4.02kB)

==============================================================================

